200 https://pkmncards.com/wp-content/uploads/alakazam-base-set-bs-1.jpg
200 https://pkmncards.com/wp-content/uploads/alakazam-base-set-bs-1.jpg
